// Jest Snapshot v1, https://goo.gl/fbAQLP

exports[`CodepointSummary component With a combining mark codepoint matches snapshot 1`] = `
<div
  className="jsx-811195375 CodepointSummary"
>
  <p
    className="jsx-811195375 displayedCharacter"
  >
    <strong
      className="jsx-811195375"
    >
      ◌undefined
    </strong>
  </p>
  <div
    className="jsx-811195375 characterProperties"
  >
    <h1
      className="jsx-811195375"
    >
      U+0307
       
      COMBINING DOT ABOVE
    </h1>
    <ul
      className="jsx-811195375"
    >
      <li
        className="jsx-811195375"
      >
        Block: 
        Diacriticals
      </li>
      <li
        className="jsx-811195375"
      >
        General Category: 
        Mn
      </li>
    </ul>
  </div>
  <JSXStyle
    css=".CodepointSummary.jsx-811195375{display:-webkit-box;display:-webkit-flex;display:-ms-flexbox;display:flex;-webkit-align-items:center;-webkit-box-align:center;-ms-flex-align:center;align-items:center;background:#0275d8;border-radius:0.5rem;color:white;padding:0.5rem;}.displayedCharacter.jsx-811195375{-webkit-flex:0 1 auto;-ms-flex:0 1 auto;flex:0 1 auto;width:80px;height:80px;margin:0;color:black;font-size:60px;background:#eceeef;border-radius:0.5rem;display:-webkit-box;display:-webkit-flex;display:-ms-flexbox;display:flex;-webkit-box-pack:center;-webkit-justify-content:center;-ms-flex-pack:center;justify-content:center;-webkit-align-items:center;-webkit-box-align:center;-ms-flex-align:center;align-items:center;}.characterProperties.jsx-811195375{padding-left:1rem;}.characterProperties.jsx-811195375 h1.jsx-811195375{font-size:1.1rem;font-weight:bold;}.characterProperties.jsx-811195375 ul.jsx-811195375{list-style-type:none;font-size:0.9rem;padding-left:15px;margin:0;}"
    styleId="811195375"
  />
</div>
`;

exports[`CodepointSummary component With a complete codepoint matches snapshot 1`] = `
<div
  className="jsx-811195375 CodepointSummary"
>
  <p
    className="jsx-811195375 displayedCharacter"
  >
    <strong
      className="jsx-811195375"
    />
  </p>
  <div
    className="jsx-811195375 characterProperties"
  >
    <h1
      className="jsx-811195375"
    >
      U+0041
       
      LATIN CAPITAL LETTER A
    </h1>
    <ul
      className="jsx-811195375"
    >
      <li
        className="jsx-811195375"
      >
        Block: 
        ASCII
      </li>
      <li
        className="jsx-811195375"
      >
        General Category: 
        Lu
      </li>
    </ul>
  </div>
  <JSXStyle
    css=".CodepointSummary.jsx-811195375{display:-webkit-box;display:-webkit-flex;display:-ms-flexbox;display:flex;-webkit-align-items:center;-webkit-box-align:center;-ms-flex-align:center;align-items:center;background:#0275d8;border-radius:0.5rem;color:white;padding:0.5rem;}.displayedCharacter.jsx-811195375{-webkit-flex:0 1 auto;-ms-flex:0 1 auto;flex:0 1 auto;width:80px;height:80px;margin:0;color:black;font-size:60px;background:#eceeef;border-radius:0.5rem;display:-webkit-box;display:-webkit-flex;display:-ms-flexbox;display:flex;-webkit-box-pack:center;-webkit-justify-content:center;-ms-flex-pack:center;justify-content:center;-webkit-align-items:center;-webkit-box-align:center;-ms-flex-align:center;align-items:center;}.characterProperties.jsx-811195375{padding-left:1rem;}.characterProperties.jsx-811195375 h1.jsx-811195375{font-size:1.1rem;font-weight:bold;}.characterProperties.jsx-811195375 ul.jsx-811195375{list-style-type:none;font-size:0.9rem;padding-left:15px;margin:0;}"
    styleId="811195375"
  />
</div>
`;
